// Jest Snapshot v1, https://goo.gl/fbAQLP

exports[`snapshot tests Should show 8 products and an order summary 1`] = `
<main
  className="basket-page"
  role="main"
>
  <h1
    className="header header--basket"
  >
    Your Basket
  </h1>
  <div
    className="row"
  >
    <div
      className="col-lg-9 col-sm-12 col-xs-12"
    >
      <div
        className="container"
      >
        <div
          className="row basket-table-header"
        >
          <div
            className="col-lg-10"
          >
            <div
              className="row"
            >
              8
               item
              s
            </div>
          </div>
          <div
            className="col-lg-2"
          >
            <div
              className="row"
            >
              Quantity/Price
            </div>
          </div>
        </div>
        <ul
          className="basket-list"
        >
          <li
            className="row basket-product"
          >
            <div
              className="col-lg-10"
            >
              <img
                alt="Russell Hobbs Pennine Illuminating S Steel Kettle 20444"
                className="basket-product__img"
                src="https://media.4rgos.it/s/Argos/9805244_R_SET?w=110&h=130"
              />
              <span
                className="basket-product__title"
              >
                Russell Hobbs Pennine Illuminating S Steel Kettle 20444
              </span>
              <button
                aria-label="Delete allRussell Hobbs Pennine Illuminating S Steel Kettle 20444"
                className="basket-product__trash-button"
                onClick={[Function]}
              >
                <svg
                  aria-hidden="true"
                  className="basket-product__trash-icon"
                  focusable="false"
                  viewBox="0 0 24 24"
                >
                  <path
                    d="M8 6l.001-1.51h.147a3.49 3.49 0 0 1 3.342-2.488L12.505 2a3.49 3.49 0 0 1 3.49 3.49v.065L15.987 6H20a1 1 0 0 1 0 2H4a1 1 0 1 1 0-2h4zm2.002 0h3.984v-.019l.01-.463V5.49A1.49 1.49 0 0 0 12.506 4l-1.015.002a1.49 1.49 0 0 0-1.49 1.489V6zM8.5 11a1 1 0 0 1 2 0v6a1 1 0 0 1-2 0v-6zm5 0a1 1 0 0 1 2 0v6a1 1 0 0 1-2 0v-6zm-9.447-.008a1 1 0 1 1 2 .016l-.055 7.094A1.886 1.886 0 0 0 7.88 20h8.237c1.04 0 1.883-.843 1.883-1.892l-.032-7.103a1 1 0 1 1 2-.01l.032 7.122A3.883 3.883 0 0 1 16.118 22H7.851a3.883 3.883 0 0 1-3.853-3.913l.055-7.095z"
                    fill="#b8adad"
                    fillRule="nonzero"
                  />
                </svg>
              </button>
            </div>
            <div
              className="col-lg-2"
            >
              <div
                className="row"
              >
                <button
                  aria-label="Russell Hobbs Pennine Illuminating S Steel Kettle 20444 decrement"
                  className="btn btn-secondary"
                  name="Russell Hobbs Pennine Illuminating S Steel Kettle 20444 decrement"
                  onClick={[Function]}
                  type="button"
                >
                  -
                </button>
                <div
                  className="basket-product__amount"
                >
                  1
                </div>
                <button
                  aria-label="Russell Hobbs Pennine Illuminating S Steel Kettle 20444 increment"
                  className="btn btn-secondary"
                  name="Russell Hobbs Pennine Illuminating S Steel Kettle 20444 increment"
                  onClick={[Function]}
                  type="button"
                >
                  +
                </button>
              </div>
              <div
                className="row"
              >
                <p>
                  £
                  24.99
                </p>
              </div>
            </div>
          </li>
          <li
            className="row basket-product"
          >
            <div
              className="col-lg-10"
            >
              <img
                alt="Challenge White Desk Fan - 12 Inch"
                className="basket-product__img"
                src="https://media.4rgos.it/s/Argos/4251824_R_SET?w=110&h=130"
              />
              <span
                className="basket-product__title"
              >
                Challenge White Desk Fan - 12 Inch
              </span>
              <button
                aria-label="Delete allChallenge White Desk Fan - 12 Inch"
                className="basket-product__trash-button"
                onClick={[Function]}
              >
                <svg
                  aria-hidden="true"
                  className="basket-product__trash-icon"
                  focusable="false"
                  viewBox="0 0 24 24"
                >
                  <path
                    d="M8 6l.001-1.51h.147a3.49 3.49 0 0 1 3.342-2.488L12.505 2a3.49 3.49 0 0 1 3.49 3.49v.065L15.987 6H20a1 1 0 0 1 0 2H4a1 1 0 1 1 0-2h4zm2.002 0h3.984v-.019l.01-.463V5.49A1.49 1.49 0 0 0 12.506 4l-1.015.002a1.49 1.49 0 0 0-1.49 1.489V6zM8.5 11a1 1 0 0 1 2 0v6a1 1 0 0 1-2 0v-6zm5 0a1 1 0 0 1 2 0v6a1 1 0 0 1-2 0v-6zm-9.447-.008a1 1 0 1 1 2 .016l-.055 7.094A1.886 1.886 0 0 0 7.88 20h8.237c1.04 0 1.883-.843 1.883-1.892l-.032-7.103a1 1 0 1 1 2-.01l.032 7.122A3.883 3.883 0 0 1 16.118 22H7.851a3.883 3.883 0 0 1-3.853-3.913l.055-7.095z"
                    fill="#b8adad"
                    fillRule="nonzero"
                  />
                </svg>
              </button>
            </div>
            <div
              className="col-lg-2"
            >
              <div
                className="row"
              >
                <button
                  aria-label="Challenge White Desk Fan - 12 Inch decrement"
                  className="btn btn-secondary"
                  name="Challenge White Desk Fan - 12 Inch decrement"
                  onClick={[Function]}
                  type="button"
                >
                  -
                </button>
                <div
                  className="basket-product__amount"
                >
                  1
                </div>
                <button
                  aria-label="Challenge White Desk Fan - 12 Inch increment"
                  className="btn btn-secondary"
                  name="Challenge White Desk Fan - 12 Inch increment"
                  onClick={[Function]}
                  type="button"
                >
                  +
                </button>
              </div>
              <div
                className="row"
              >
                <p>
                  £
                  14.99
                </p>
              </div>
            </div>
          </li>
          <li
            className="row basket-product"
          >
            <div
              className="col-lg-10"
            >
              <img
                alt="Plain Vest Top 12 BLACK"
                className="basket-product__img"
                src="https://media.4rgos.it/s/Argos/tuc132404445_R_SET?w=110&h=130"
              />
              <span
                className="basket-product__title"
              >
                Plain Vest Top 12 BLACK
              </span>
              <button
                aria-label="Delete allPlain Vest Top 12 BLACK"
                className="basket-product__trash-button"
                onClick={[Function]}
              >
                <svg
                  aria-hidden="true"
                  className="basket-product__trash-icon"
                  focusable="false"
                  viewBox="0 0 24 24"
                >
                  <path
                    d="M8 6l.001-1.51h.147a3.49 3.49 0 0 1 3.342-2.488L12.505 2a3.49 3.49 0 0 1 3.49 3.49v.065L15.987 6H20a1 1 0 0 1 0 2H4a1 1 0 1 1 0-2h4zm2.002 0h3.984v-.019l.01-.463V5.49A1.49 1.49 0 0 0 12.506 4l-1.015.002a1.49 1.49 0 0 0-1.49 1.489V6zM8.5 11a1 1 0 0 1 2 0v6a1 1 0 0 1-2 0v-6zm5 0a1 1 0 0 1 2 0v6a1 1 0 0 1-2 0v-6zm-9.447-.008a1 1 0 1 1 2 .016l-.055 7.094A1.886 1.886 0 0 0 7.88 20h8.237c1.04 0 1.883-.843 1.883-1.892l-.032-7.103a1 1 0 1 1 2-.01l.032 7.122A3.883 3.883 0 0 1 16.118 22H7.851a3.883 3.883 0 0 1-3.853-3.913l.055-7.095z"
                    fill="#b8adad"
                    fillRule="nonzero"
                  />
                </svg>
              </button>
            </div>
            <div
              className="col-lg-2"
            >
              <div
                className="row"
              >
                <button
                  aria-label="Plain Vest Top 12 BLACK decrement"
                  className="btn btn-secondary"
                  name="Plain Vest Top 12 BLACK decrement"
                  onClick={[Function]}
                  type="button"
                >
                  -
                </button>
                <div
                  className="basket-product__amount"
                >
                  1
                </div>
                <button
                  aria-label="Plain Vest Top 12 BLACK increment"
                  className="btn btn-secondary"
                  name="Plain Vest Top 12 BLACK increment"
                  onClick={[Function]}
                  type="button"
                >
                  +
                </button>
              </div>
              <div
                className="row"
              >
                <p>
                  £
                  16
                </p>
              </div>
            </div>
          </li>
          <li
            className="row basket-product"
          >
            <div
              className="col-lg-10"
            >
              <img
                alt="Wilson Roger Federer 27 Inch Adult Tennis Racket"
                className="basket-product__img"
                src="https://media.4rgos.it/s/Argos/4049641_R_SET?w=110&h=130"
              />
              <span
                className="basket-product__title"
              >
                Wilson Roger Federer 27 Inch Adult Tennis Racket
              </span>
              <button
                aria-label="Delete allWilson Roger Federer 27 Inch Adult Tennis Racket"
                className="basket-product__trash-button"
                onClick={[Function]}
              >
                <svg
                  aria-hidden="true"
                  className="basket-product__trash-icon"
                  focusable="false"
                  viewBox="0 0 24 24"
                >
                  <path
                    d="M8 6l.001-1.51h.147a3.49 3.49 0 0 1 3.342-2.488L12.505 2a3.49 3.49 0 0 1 3.49 3.49v.065L15.987 6H20a1 1 0 0 1 0 2H4a1 1 0 1 1 0-2h4zm2.002 0h3.984v-.019l.01-.463V5.49A1.49 1.49 0 0 0 12.506 4l-1.015.002a1.49 1.49 0 0 0-1.49 1.489V6zM8.5 11a1 1 0 0 1 2 0v6a1 1 0 0 1-2 0v-6zm5 0a1 1 0 0 1 2 0v6a1 1 0 0 1-2 0v-6zm-9.447-.008a1 1 0 1 1 2 .016l-.055 7.094A1.886 1.886 0 0 0 7.88 20h8.237c1.04 0 1.883-.843 1.883-1.892l-.032-7.103a1 1 0 1 1 2-.01l.032 7.122A3.883 3.883 0 0 1 16.118 22H7.851a3.883 3.883 0 0 1-3.853-3.913l.055-7.095z"
                    fill="#b8adad"
                    fillRule="nonzero"
                  />
                </svg>
              </button>
            </div>
            <div
              className="col-lg-2"
            >
              <div
                className="row"
              >
                <button
                  aria-label="Wilson Roger Federer 27 Inch Adult Tennis Racket decrement"
                  className="btn btn-secondary"
                  name="Wilson Roger Federer 27 Inch Adult Tennis Racket decrement"
                  onClick={[Function]}
                  type="button"
                >
                  -
                </button>
                <div
                  className="basket-product__amount"
                >
                  1
                </div>
                <button
                  aria-label="Wilson Roger Federer 27 Inch Adult Tennis Racket increment"
                  className="btn btn-secondary"
                  name="Wilson Roger Federer 27 Inch Adult Tennis Racket increment"
                  onClick={[Function]}
                  type="button"
                >
                  +
                </button>
              </div>
              <div
                className="row"
              >
                <p>
                  £
                  24.99
                </p>
              </div>
            </div>
          </li>
          <li
            className="row basket-product"
          >
            <div
              className="col-lg-10"
            >
              <img
                alt="My Little Pony Cutie Mark Rainbow Dash"
                className="basket-product__img"
                src="https://media.4rgos.it/s/Argos/5399235_R_SET?w=110&h=130"
              />
              <span
                className="basket-product__title"
              >
                My Little Pony Cutie Mark Rainbow Dash
              </span>
              <button
                aria-label="Delete allMy Little Pony Cutie Mark Rainbow Dash"
                className="basket-product__trash-button"
                onClick={[Function]}
              >
                <svg
                  aria-hidden="true"
                  className="basket-product__trash-icon"
                  focusable="false"
                  viewBox="0 0 24 24"
                >
                  <path
                    d="M8 6l.001-1.51h.147a3.49 3.49 0 0 1 3.342-2.488L12.505 2a3.49 3.49 0 0 1 3.49 3.49v.065L15.987 6H20a1 1 0 0 1 0 2H4a1 1 0 1 1 0-2h4zm2.002 0h3.984v-.019l.01-.463V5.49A1.49 1.49 0 0 0 12.506 4l-1.015.002a1.49 1.49 0 0 0-1.49 1.489V6zM8.5 11a1 1 0 0 1 2 0v6a1 1 0 0 1-2 0v-6zm5 0a1 1 0 0 1 2 0v6a1 1 0 0 1-2 0v-6zm-9.447-.008a1 1 0 1 1 2 .016l-.055 7.094A1.886 1.886 0 0 0 7.88 20h8.237c1.04 0 1.883-.843 1.883-1.892l-.032-7.103a1 1 0 1 1 2-.01l.032 7.122A3.883 3.883 0 0 1 16.118 22H7.851a3.883 3.883 0 0 1-3.853-3.913l.055-7.095z"
                    fill="#b8adad"
                    fillRule="nonzero"
                  />
                </svg>
              </button>
            </div>
            <div
              className="col-lg-2"
            >
              <div
                className="row"
              >
                <button
                  aria-label="My Little Pony Cutie Mark Rainbow Dash decrement"
                  className="btn btn-secondary"
                  name="My Little Pony Cutie Mark Rainbow Dash decrement"
                  onClick={[Function]}
                  type="button"
                >
                  -
                </button>
                <div
                  className="basket-product__amount"
                >
                  1
                </div>
                <button
                  aria-label="My Little Pony Cutie Mark Rainbow Dash increment"
                  className="btn btn-secondary"
                  name="My Little Pony Cutie Mark Rainbow Dash increment"
                  onClick={[Function]}
                  type="button"
                >
                  +
                </button>
              </div>
              <div
                className="row"
              >
                <p>
                  £
                  24.99
                </p>
              </div>
            </div>
          </li>
          <li
            className="row basket-product"
          >
            <div
              className="col-lg-10"
            >
              <img
                alt="Sim Free iPhone X 256GB Mobile Phone- Space Grey"
                className="basket-product__img"
                src="https://media.4rgos.it/s/Argos/7543412_R_SET?w=110&h=130"
              />
              <span
                className="basket-product__title"
              >
                Sim Free iPhone X 256GB Mobile Phone- Space Grey
              </span>
              <button
                aria-label="Delete allSim Free iPhone X 256GB Mobile Phone- Space Grey"
                className="basket-product__trash-button"
                onClick={[Function]}
              >
                <svg
                  aria-hidden="true"
                  className="basket-product__trash-icon"
                  focusable="false"
                  viewBox="0 0 24 24"
                >
                  <path
                    d="M8 6l.001-1.51h.147a3.49 3.49 0 0 1 3.342-2.488L12.505 2a3.49 3.49 0 0 1 3.49 3.49v.065L15.987 6H20a1 1 0 0 1 0 2H4a1 1 0 1 1 0-2h4zm2.002 0h3.984v-.019l.01-.463V5.49A1.49 1.49 0 0 0 12.506 4l-1.015.002a1.49 1.49 0 0 0-1.49 1.489V6zM8.5 11a1 1 0 0 1 2 0v6a1 1 0 0 1-2 0v-6zm5 0a1 1 0 0 1 2 0v6a1 1 0 0 1-2 0v-6zm-9.447-.008a1 1 0 1 1 2 .016l-.055 7.094A1.886 1.886 0 0 0 7.88 20h8.237c1.04 0 1.883-.843 1.883-1.892l-.032-7.103a1 1 0 1 1 2-.01l.032 7.122A3.883 3.883 0 0 1 16.118 22H7.851a3.883 3.883 0 0 1-3.853-3.913l.055-7.095z"
                    fill="#b8adad"
                    fillRule="nonzero"
                  />
                </svg>
              </button>
            </div>
            <div
              className="col-lg-2"
            >
              <div
                className="row"
              >
                <button
                  aria-label="Sim Free iPhone X 256GB Mobile Phone- Space Grey decrement"
                  className="btn btn-secondary"
                  name="Sim Free iPhone X 256GB Mobile Phone- Space Grey decrement"
                  onClick={[Function]}
                  type="button"
                >
                  -
                </button>
                <div
                  className="basket-product__amount"
                >
                  1
                </div>
                <button
                  aria-label="Sim Free iPhone X 256GB Mobile Phone- Space Grey increment"
                  className="btn btn-secondary"
                  name="Sim Free iPhone X 256GB Mobile Phone- Space Grey increment"
                  onClick={[Function]}
                  type="button"
                >
                  +
                </button>
              </div>
              <div
                className="row"
              >
                <p>
                  £
                  1109
                </p>
              </div>
            </div>
          </li>
          <li
            className="row basket-product"
          >
            <div
              className="col-lg-10"
            >
              <img
                alt="Assassin's Creed Origins PS4 Game"
                className="basket-product__img"
                src="https://media.4rgos.it/s/Argos/7067462_R_SET?w=110&h=130"
              />
              <span
                className="basket-product__title"
              >
                Assassin's Creed Origins PS4 Game
              </span>
              <button
                aria-label="Delete allAssassin's Creed Origins PS4 Game"
                className="basket-product__trash-button"
                onClick={[Function]}
              >
                <svg
                  aria-hidden="true"
                  className="basket-product__trash-icon"
                  focusable="false"
                  viewBox="0 0 24 24"
                >
                  <path
                    d="M8 6l.001-1.51h.147a3.49 3.49 0 0 1 3.342-2.488L12.505 2a3.49 3.49 0 0 1 3.49 3.49v.065L15.987 6H20a1 1 0 0 1 0 2H4a1 1 0 1 1 0-2h4zm2.002 0h3.984v-.019l.01-.463V5.49A1.49 1.49 0 0 0 12.506 4l-1.015.002a1.49 1.49 0 0 0-1.49 1.489V6zM8.5 11a1 1 0 0 1 2 0v6a1 1 0 0 1-2 0v-6zm5 0a1 1 0 0 1 2 0v6a1 1 0 0 1-2 0v-6zm-9.447-.008a1 1 0 1 1 2 .016l-.055 7.094A1.886 1.886 0 0 0 7.88 20h8.237c1.04 0 1.883-.843 1.883-1.892l-.032-7.103a1 1 0 1 1 2-.01l.032 7.122A3.883 3.883 0 0 1 16.118 22H7.851a3.883 3.883 0 0 1-3.853-3.913l.055-7.095z"
                    fill="#b8adad"
                    fillRule="nonzero"
                  />
                </svg>
              </button>
            </div>
            <div
              className="col-lg-2"
            >
              <div
                className="row"
              >
                <button
                  aria-label="Assassin's Creed Origins PS4 Game decrement"
                  className="btn btn-secondary"
                  name="Assassin's Creed Origins PS4 Game decrement"
                  onClick={[Function]}
                  type="button"
                >
                  -
                </button>
                <div
                  className="basket-product__amount"
                >
                  1
                </div>
                <button
                  aria-label="Assassin's Creed Origins PS4 Game increment"
                  className="btn btn-secondary"
                  name="Assassin's Creed Origins PS4 Game increment"
                  onClick={[Function]}
                  type="button"
                >
                  +
                </button>
              </div>
              <div
                className="row"
              >
                <p>
                  £
                  30.99
                </p>
              </div>
            </div>
          </li>
          <li
            className="row basket-product"
          >
            <div
              className="col-lg-10"
            >
              <img
                alt="Duracell Supreme 750 mAh Rechargeable AAA Batteries - 4 Pack"
                className="basket-product__img"
                src="https://media.4rgos.it/s/Argos/7426735_R_SET?w=110&h=130"
              />
              <span
                className="basket-product__title"
              >
                Duracell Supreme 750 mAh Rechargeable AAA Batteries - 4 Pack
              </span>
              <button
                aria-label="Delete allDuracell Supreme 750 mAh Rechargeable AAA Batteries - 4 Pack"
                className="basket-product__trash-button"
                onClick={[Function]}
              >
                <svg
                  aria-hidden="true"
                  className="basket-product__trash-icon"
                  focusable="false"
                  viewBox="0 0 24 24"
                >
                  <path
                    d="M8 6l.001-1.51h.147a3.49 3.49 0 0 1 3.342-2.488L12.505 2a3.49 3.49 0 0 1 3.49 3.49v.065L15.987 6H20a1 1 0 0 1 0 2H4a1 1 0 1 1 0-2h4zm2.002 0h3.984v-.019l.01-.463V5.49A1.49 1.49 0 0 0 12.506 4l-1.015.002a1.49 1.49 0 0 0-1.49 1.489V6zM8.5 11a1 1 0 0 1 2 0v6a1 1 0 0 1-2 0v-6zm5 0a1 1 0 0 1 2 0v6a1 1 0 0 1-2 0v-6zm-9.447-.008a1 1 0 1 1 2 .016l-.055 7.094A1.886 1.886 0 0 0 7.88 20h8.237c1.04 0 1.883-.843 1.883-1.892l-.032-7.103a1 1 0 1 1 2-.01l.032 7.122A3.883 3.883 0 0 1 16.118 22H7.851a3.883 3.883 0 0 1-3.853-3.913l.055-7.095z"
                    fill="#b8adad"
                    fillRule="nonzero"
                  />
                </svg>
              </button>
            </div>
            <div
              className="col-lg-2"
            >
              <div
                className="row"
              >
                <button
                  aria-label="Duracell Supreme 750 mAh Rechargeable AAA Batteries - 4 Pack decrement"
                  className="btn btn-secondary"
                  name="Duracell Supreme 750 mAh Rechargeable AAA Batteries - 4 Pack decrement"
                  onClick={[Function]}
                  type="button"
                >
                  -
                </button>
                <div
                  className="basket-product__amount"
                >
                  1
                </div>
                <button
                  aria-label="Duracell Supreme 750 mAh Rechargeable AAA Batteries - 4 Pack increment"
                  className="btn btn-secondary"
                  name="Duracell Supreme 750 mAh Rechargeable AAA Batteries - 4 Pack increment"
                  onClick={[Function]}
                  type="button"
                >
                  +
                </button>
              </div>
              <div
                className="row"
              >
                <p>
                  £
                  8.99
                </p>
              </div>
            </div>
          </li>
        </ul>
        <div
          className="container--empty-basket-button"
        >
          <button
            className="btn btn-danger"
            name="empty basket"
            onClick={[Function]}
            type="button"
          >
            Empty basket
          </button>
        </div>
      </div>
    </div>
    <div
      className="col-lg-3 col-sm-12 col-xs-12 basket-summary"
    >
      <p
        className="row basket-summary__title"
      >
        Order summary
      </p>
      <p
        className="row basket-summary__total"
      >
        Total: £
        24.99
      </p>
    </div>
  </div>
</main>
`;

exports[`snapshot tests Should show empty basket and no order summary 1`] = `
<main
  className="basket-page"
  role="main"
>
  <h1
    className="header header--basket"
  >
    Your Basket
  </h1>
  <div
    className="row"
  >
    <div
      className="col-lg-9 col-sm-12 col-xs-12"
    >
      <div
        className="container"
      >
        <div
          className="row basket-table-header"
        >
          <div
            className="col-lg-10"
          >
            <div
              className="row"
            >
              0
               item
              s
            </div>
          </div>
          <div
            className="col-lg-2"
          >
            <div
              className="row"
            >
              Quantity/Price
            </div>
          </div>
        </div>
        <ul
          className="basket-list"
        >
          <li
            className="row basket-list__empty-item"
          >
            <p>
              Your basket is empty
            </p>
          </li>
        </ul>
        
      </div>
    </div>
  </div>
</main>
`;
